============================= test session starts =============================
platform win32 -- Python 3.14.2, pytest-9.0.2, pluggy-1.6.0
rootdir: D:\wrkdir\Google-Promptwars-BLR\backend
plugins: anyio-4.13.0, asyncio-1.3.0
asyncio: mode=Mode.STRICT, debug=False, asyncio_default_fixture_loop_scope=None, asyncio_default_test_loop_scope=function
collected 5 items

tests\test_api.py ....F                                                  [100%]

================================== FAILURES ===================================
_____________________________ test_rate_limiting ______________________________

    def test_rate_limiting():
        # Attempt to exceed the limit of 20/minute for health endpoint
        for _ in range(21):
            res = client.get("/health")
    
        assert res.status_code == 429
>       assert "Too Many Requests" in res.text
E       assert 'Too Many Requests' in '{"error":"Rate limit exceeded: 20 per 1 minute"}'
E        +  where '{"error":"Rate limit exceeded: 20 per 1 minute"}' = <Response [429 Too Many Requests]>.text

tests\test_api.py:45: AssertionError
------------------------------ Captured log call ------------------------------
WARNING  slowapi:extension.py:510 ratelimit 20 per 1 minute (testclient) exceeded at endpoint: /health
WARNING  slowapi:extension.py:510 ratelimit 20 per 1 minute (testclient) exceeded at endpoint: /health
============================== warnings summary ===============================
main.py:46
  D:\wrkdir\Google-Promptwars-BLR\backend\main.py:46: FutureWarning: 
  
  All support for the `google.generativeai` package has ended. It will no longer be receiving 
  updates or bug fixes. Please switch to the `google.genai` package as soon as possible.
  See README for more details:
  
  https://github.com/google-gemini/deprecated-generative-ai-python/blob/main/README.md
  
    import google.generativeai as genai

C:\Users\vksg8\AppData\Local\Programs\Python\Python314\Lib\site-packages\slowapi\extension.py:717
C:\Users\vksg8\AppData\Local\Programs\Python\Python314\Lib\site-packages\slowapi\extension.py:717
C:\Users\vksg8\AppData\Local\Programs\Python\Python314\Lib\site-packages\slowapi\extension.py:717
C:\Users\vksg8\AppData\Local\Programs\Python\Python314\Lib\site-packages\slowapi\extension.py:717
C:\Users\vksg8\AppData\Local\Programs\Python\Python314\Lib\site-packages\slowapi\extension.py:717
C:\Users\vksg8\AppData\Local\Programs\Python\Python314\Lib\site-packages\slowapi\extension.py:717
  C:\Users\vksg8\AppData\Local\Programs\Python\Python314\Lib\site-packages\slowapi\extension.py:717: DeprecationWarning: 'asyncio.iscoroutinefunction' is deprecated and slated for removal in Python 3.16; use inspect.iscoroutinefunction() instead
    if asyncio.iscoroutinefunction(func):

-- Docs: https://docs.pytest.org/en/stable/how-to/capture-warnings.html
=========================== short test summary info ===========================
FAILED tests/test_api.py::test_rate_limiting - assert 'Too Many Requests' in ...
=================== 1 failed, 4 passed, 7 warnings in 0.93s ===================
